Test 03 - addPrefixTB - adding prefix to middle lines
Read in TB from 'simple-1.txt' into tb
> linesTB(tb);
7
> dumpTB(tb, false);
line 01
line 02
line 03
line 04
line 05
line 06
line 07
> addPrefixTB(tb, 2, 5, "this is ");
> linesTB(tb);
7
> dumpTB(tb, false);
line 01
this is line 02
this is line 03
this is line 04
this is line 05
line 06
line 07
> releaseTB(tb);
