Test 08 - cutTB - cutting from the middle
Read in TB from 'simple-1.txt' into tb1
> linesTB(tb1);
7
> dumpTB(tb1, false);
line 01
line 02
line 03
line 04
line 05
line 06
line 07
> tb1 = cutTB(tb2, 3, 6);
> linesTB(tb1);
3
> dumpTB(tb1, false);
line 01
line 02
line 07
> linesTB(tb2);
4
> dumpTB(tb2, false);
line 03
line 04
line 05
line 06
> releaseTB(tb1);
> releaseTB(tb2);
