Tree:
       -29
       / \
      /   \
     /     \
    /       \
  -31       -12
  /         / \
-92        /   \
  \      -14    5
  -35    /     / \
       -24    0   6
               \
                3

#nodes = 11,  #leaves = 4
Infix  : -92 -35 -31 -29 -24 -14 -12 0 3 5 6 
Prefix : -29 -31 -92 -35 -12 -14 -24 5 0 3 6 
Postfix: -35 -92 -31 -24 -14 3 0 6 5 -12 -29 
ByLevel: -29 -31 -12 -92 -14 5 -35 -24 0 6 3 
